============================= test session starts =============================
platform win32 -- Python 3.12.3, pytest-9.0.2, pluggy-1.6.0 -- C:\Users\akulc\AppData\Local\Programs\Python\Python312\python.exe
cachedir: .pytest_cache
rootdir: C:\Users\akulc\Desktop\Project 8th sem\Desktop app Smart Dashboard
plugins: anyio-4.12.0
collecting ... collected 13 items / 3 deselected / 10 selected

tests/test_xp_engine.py::TestXPCalculation::test_basic_calculation PASSED [ 10%]
tests/test_xp_engine.py::TestXPCalculation::test_difficulty_intermediate PASSED [ 20%]
tests/test_xp_engine.py::TestXPCalculation::test_difficulty_advanced PASSED [ 30%]
tests/test_xp_engine.py::TestXPCalculation::test_streak_3_days PASSED    [ 40%]
tests/test_xp_engine.py::TestXPCalculation::test_streak_7_days PASSED    [ 50%]
tests/test_xp_engine.py::TestXPCalculation::test_streak_30_days PASSED   [ 60%]
tests/test_xp_engine.py::TestXPCalculation::test_full_formula_120 PASSED [ 70%]
tests/test_xp_engine.py::TestXPCalculation::test_full_formula_225 PASSED [ 80%]
tests/test_xp_engine.py::TestXPCalculation::test_zero_base PASSED        [ 90%]
tests/test_xp_engine.py::TestXPCalculation::test_unknown_difficulty PASSED [100%]

====================== 10 passed, 3 deselected in 0.04s =======================
